../Core/Src/main.c:89:6:Write_Motor	24	static
../Core/Src/main.c:95:9:Read_Encoder	4	static
../Core/Src/main.c:104:6:Move_To_Angle_Absolute	16	static
../Core/Src/main.c:130:6:Move_Angle_Relative	24	static
../Core/Src/main.c:162:6:HAL_TIM_PeriodElapsedCallback	48	static
../Core/Src/main.c:211:6:HAL_UART_RxCpltCallback	16	static
../Core/Src/main.c:238:5:main	16	static
../Core/Src/main.c:308:6:SystemClock_Config	88	static
../Core/Src/main.c:355:13:MX_TIM2_Init	32	static
../Core/Src/main.c:400:13:MX_USART1_UART_Init	8	static
../Core/Src/main.c:431:13:MX_DMA_Init	16	static
../Core/Src/main.c:449:13:MX_GPIO_Init	48	static
../Core/Src/main.c:479:13:MX_FSMC_Init	40	static
../Core/Src/main.c:539:6:Error_Handler	4	static,ignoring_inline_asm
