../Core/Src/stm32f4xx_hal_msp.c:64:6:HAL_MspInit	16	static
../Core/Src/stm32f4xx_hal_msp.c:87:6:HAL_TIM_Base_MspInit	24	static
../Core/Src/stm32f4xx_hal_msp.c:113:6:HAL_TIM_Base_MspDeInit	16	static
../Core/Src/stm32f4xx_hal_msp.c:138:6:HAL_UART_MspInit	48	static
../Core/Src/stm32f4xx_hal_msp.c:197:6:HAL_UART_MspDeInit	16	static
../Core/Src/stm32f4xx_hal_msp.c:227:13:HAL_FSMC_MspInit	32	static
../Core/Src/stm32f4xx_hal_msp.c:292:6:HAL_SRAM_MspInit	16	static
../Core/Src/stm32f4xx_hal_msp.c:304:13:HAL_FSMC_MspDeInit	8	static
../Core/Src/stm32f4xx_hal_msp.c:352:6:HAL_SRAM_MspDeInit	16	static
